{
    "es": [
        {
            "index": 0,
            "source_vertex": {
                "area": {
                    "bram_18k": 1,
                    "dsp": 0,
                    "ff": 803,
                    "lut": 559,
                    "uram": 0
                },
                "current_slot": null,
                "name": "Scatter_0",
                "reserved_slot": null,
                "sub_cells": [
                    "Scatter_0"
                ],
                "target_slot": null
            },
            "target_vertex": {
                "area": {
                    "bram_18k": 0,
                    "dsp": 82,
                    "ff": 15499,
                    "lut": 13592,
                    "uram": 0
                },
                "current_slot": null,
                "name": "ProcElem_0",
                "reserved_slot": null,
                "sub_cells": [
                    "ProcElem_0"
                ],
                "target_slot": null
            },
            "width": 33
        },
        {
            "index": 1,
            "source_vertex": {
                "area": {
                    "bram_18k": 1,
                    "dsp": 0,
                    "ff": 803,
                    "lut": 559,
                    "uram": 0
                },
                "current_slot": null,
                "name": "Scatter_0",
                "reserved_slot": null,
                "sub_cells": [
                    "Scatter_0"
                ],
                "target_slot": null
            },
            "target_vertex": {
                "area": {
                    "bram_18k": 0,
                    "dsp": 82,
                    "ff": 15499,
                    "lut": 13592,
                    "uram": 0
                },
                "current_slot": null,
                "name": "ProcElem_1",
                "reserved_slot": null,
                "sub_cells": [
                    "ProcElem_1"
                ],
                "target_slot": null
            },
            "width": 33
        },
        {
            "index": 2,
            "source_vertex": {
                "area": {
                    "bram_18k": 1,
                    "dsp": 0,
                    "ff": 803,
                    "lut": 559,
                    "uram": 0
                },
                "current_slot": null,
                "name": "Scatter_0",
                "reserved_slot": null,
                "sub_cells": [
                    "Scatter_0"
                ],
                "target_slot": null
            },
            "target_vertex": {
                "area": {
                    "bram_18k": 0,
                    "dsp": 82,
                    "ff": 15499,
                    "lut": 13592,
                    "uram": 0
                },
                "current_slot": null,
                "name": "ProcElem_2",
                "reserved_slot": null,
                "sub_cells": [
                    "ProcElem_2"
                ],
                "target_slot": null
            },
            "width": 33
        },
        {
            "index": 3,
            "source_vertex": {
                "area": {
                    "bram_18k": 1,
                    "dsp": 0,
                    "ff": 803,
                    "lut": 559,
                    "uram": 0
                },
                "current_slot": null,
                "name": "Scatter_0",
                "reserved_slot": null,
                "sub_cells": [
                    "Scatter_0"
                ],
                "target_slot": null
            },
            "target_vertex": {
                "area": {
                    "bram_18k": 0,
                    "dsp": 82,
                    "ff": 15499,
                    "lut": 13592,
                    "uram": 0
                },
                "current_slot": null,
                "name": "ProcElem_3",
                "reserved_slot": null,
                "sub_cells": [
                    "ProcElem_3"
                ],
                "target_slot": null
            },
            "width": 33
        },
        {
            "index": 4,
            "source_vertex": {
                "area": {
                    "bram_18k": 1,
                    "dsp": 0,
                    "ff": 803,
                    "lut": 559,
                    "uram": 0
                },
                "current_slot": null,
                "name": "Scatter_1",
                "reserved_slot": null,
                "sub_cells": [
                    "Scatter_1"
                ],
                "target_slot": null
            },
            "target_vertex": {
                "area": {
                    "bram_18k": 0,
                    "dsp": 82,
                    "ff": 15499,
                    "lut": 13592,
                    "uram": 0
                },
                "current_slot": null,
                "name": "ProcElem_0",
                "reserved_slot": null,
                "sub_cells": [
                    "ProcElem_0"
                ],
                "target_slot": null
            },
            "width": 33
        },
        {
            "index": 5,
            "source_vertex": {
                "area": {
                    "bram_18k": 1,
                    "dsp": 0,
                    "ff": 803,
                    "lut": 559,
                    "uram": 0
                },
                "current_slot": null,
                "name": "Scatter_1",
                "reserved_slot": null,
                "sub_cells": [
                    "Scatter_1"
                ],
                "target_slot": null
            },
            "target_vertex": {
                "area": {
                    "bram_18k": 0,
                    "dsp": 82,
                    "ff": 15499,
                    "lut": 13592,
                    "uram": 0
                },
                "current_slot": null,
                "name": "ProcElem_1",
                "reserved_slot": null,
                "sub_cells": [
                    "ProcElem_1"
                ],
                "target_slot": null
            },
            "width": 33
        },
        {
            "index": 6,
            "source_vertex": {
                "area": {
                    "bram_18k": 1,
                    "dsp": 0,
                    "ff": 803,
                    "lut": 559,
                    "uram": 0
                },
                "current_slot": null,
                "name": "Scatter_1",
                "reserved_slot": null,
                "sub_cells": [
                    "Scatter_1"
                ],
                "target_slot": null
            },
            "target_vertex": {
                "area": {
                    "bram_18k": 0,
                    "dsp": 82,
                    "ff": 15499,
                    "lut": 13592,
                    "uram": 0
                },
                "current_slot": null,
                "name": "ProcElem_2",
                "reserved_slot": null,
                "sub_cells": [
                    "ProcElem_2"
                ],
                "target_slot": null
            },
            "width": 33
        },
        {
            "index": 7,
            "source_vertex": {
                "area": {
                    "bram_18k": 1,
                    "dsp": 0,
                    "ff": 803,
                    "lut": 559,
                    "uram": 0
                },
                "current_slot": null,
                "name": "Scatter_1",
                "reserved_slot": null,
                "sub_cells": [
                    "Scatter_1"
                ],
                "target_slot": null
            },
            "target_vertex": {
                "area": {
                    "bram_18k": 0,
                    "dsp": 82,
                    "ff": 15499,
                    "lut": 13592,
                    "uram": 0
                },
                "current_slot": null,
                "name": "ProcElem_3",
                "reserved_slot": null,
                "sub_cells": [
                    "ProcElem_3"
                ],
                "target_slot": null
            },
            "width": 33
        },
        {
            "index": 8,
            "source_vertex": {
                "area": {
                    "bram_18k": 0,
                    "dsp": 82,
                    "ff": 15499,
                    "lut": 13592,
                    "uram": 0
                },
                "current_slot": null,
                "name": "ProcElem_0",
                "reserved_slot": null,
                "sub_cells": [
                    "ProcElem_0"
                ],
                "target_slot": null
            },
            "target_vertex": {
                "area": {
                    "bram_18k": 1,
                    "dsp": 0,
                    "ff": 1024,
                    "lut": 797,
                    "uram": 0
                },
                "current_slot": null,
                "name": "Gather_0",
                "reserved_slot": null,
                "sub_cells": [
                    "Gather_0"
                ],
                "target_slot": null
            },
            "width": 33
        },
        {
            "index": 9,
            "source_vertex": {
                "area": {
                    "bram_18k": 0,
                    "dsp": 82,
                    "ff": 15499,
                    "lut": 13592,
                    "uram": 0
                },
                "current_slot": null,
                "name": "ProcElem_1",
                "reserved_slot": null,
                "sub_cells": [
                    "ProcElem_1"
                ],
                "target_slot": null
            },
            "target_vertex": {
                "area": {
                    "bram_18k": 1,
                    "dsp": 0,
                    "ff": 1024,
                    "lut": 797,
                    "uram": 0
                },
                "current_slot": null,
                "name": "Gather_0",
                "reserved_slot": null,
                "sub_cells": [
                    "Gather_0"
                ],
                "target_slot": null
            },
            "width": 33
        },
        {
            "index": 10,
            "source_vertex": {
                "area": {
                    "bram_18k": 0,
                    "dsp": 82,
                    "ff": 15499,
                    "lut": 13592,
                    "uram": 0
                },
                "current_slot": null,
                "name": "ProcElem_2",
                "reserved_slot": null,
                "sub_cells": [
                    "ProcElem_2"
                ],
                "target_slot": null
            },
            "target_vertex": {
                "area": {
                    "bram_18k": 1,
                    "dsp": 0,
                    "ff": 1024,
                    "lut": 797,
                    "uram": 0
                },
                "current_slot": null,
                "name": "Gather_0",
                "reserved_slot": null,
                "sub_cells": [
                    "Gather_0"
                ],
                "target_slot": null
            },
            "width": 33
        },
        {
            "index": 11,
            "source_vertex": {
                "area": {
                    "bram_18k": 0,
                    "dsp": 82,
                    "ff": 15499,
                    "lut": 13592,
                    "uram": 0
                },
                "current_slot": null,
                "name": "ProcElem_3",
                "reserved_slot": null,
                "sub_cells": [
                    "ProcElem_3"
                ],
                "target_slot": null
            },
            "target_vertex": {
                "area": {
                    "bram_18k": 1,
                    "dsp": 0,
                    "ff": 1024,
                    "lut": 797,
                    "uram": 0
                },
                "current_slot": null,
                "name": "Gather_0",
                "reserved_slot": null,
                "sub_cells": [
                    "Gather_0"
                ],
                "target_slot": null
            },
            "width": 33
        },
        {
            "index": 12,
            "source_vertex": {
                "area": {
                    "bram_18k": 0,
                    "dsp": 82,
                    "ff": 15499,
                    "lut": 13592,
                    "uram": 0
                },
                "current_slot": null,
                "name": "ProcElem_1",
                "reserved_slot": null,
                "sub_cells": [
                    "ProcElem_1"
                ],
                "target_slot": null
            },
            "target_vertex": {
                "area": {
                    "bram_18k": 0,
                    "dsp": 82,
                    "ff": 15499,
                    "lut": 13592,
                    "uram": 0
                },
                "current_slot": null,
                "name": "ProcElem_1",
                "reserved_slot": null,
                "sub_cells": [
                    "ProcElem_1"
                ],
                "target_slot": null
            },
            "width": 33
        },
        {
            "index": 13,
            "source_vertex": {
                "area": {
                    "bram_18k": 0,
                    "dsp": 82,
                    "ff": 15499,
                    "lut": 13592,
                    "uram": 0
                },
                "current_slot": null,
                "name": "ProcElem_2",
                "reserved_slot": null,
                "sub_cells": [
                    "ProcElem_2"
                ],
                "target_slot": null
            },
            "target_vertex": {
                "area": {
                    "bram_18k": 0,
                    "dsp": 82,
                    "ff": 15499,
                    "lut": 13592,
                    "uram": 0
                },
                "current_slot": null,
                "name": "ProcElem_2",
                "reserved_slot": null,
                "sub_cells": [
                    "ProcElem_2"
                ],
                "target_slot": null
            },
            "width": 33
        },
        {
            "index": 14,
            "source_vertex": {
                "area": {
                    "bram_18k": 0,
                    "dsp": 82,
                    "ff": 15499,
                    "lut": 13592,
                    "uram": 0
                },
                "current_slot": null,
                "name": "ProcElem_1",
                "reserved_slot": null,
                "sub_cells": [
                    "ProcElem_1"
                ],
                "target_slot": null
            },
            "target_vertex": {
                "area": {
                    "bram_18k": 0,
                    "dsp": 82,
                    "ff": 15499,
                    "lut": 13592,
                    "uram": 0
                },
                "current_slot": null,
                "name": "ProcElem_1",
                "reserved_slot": null,
                "sub_cells": [
                    "ProcElem_1"
                ],
                "target_slot": null
            },
            "width": 33
        },
        {
            "index": 15,
            "source_vertex": {
                "area": {
                    "bram_18k": 0,
                    "dsp": 82,
                    "ff": 15499,
                    "lut": 13592,
                    "uram": 0
                },
                "current_slot": null,
                "name": "ProcElem_3",
                "reserved_slot": null,
                "sub_cells": [
                    "ProcElem_3"
                ],
                "target_slot": null
            },
            "target_vertex": {
                "area": {
                    "bram_18k": 0,
                    "dsp": 82,
                    "ff": 15499,
                    "lut": 13592,
                    "uram": 0
                },
                "current_slot": null,
                "name": "ProcElem_3",
                "reserved_slot": null,
                "sub_cells": [
                    "ProcElem_3"
                ],
                "target_slot": null
            },
            "width": 33
        },
        {
            "index": 16,
            "source_vertex": {
                "area": {
                    "bram_18k": 0,
                    "dsp": 82,
                    "ff": 15499,
                    "lut": 13592,
                    "uram": 0
                },
                "current_slot": null,
                "name": "ProcElem_2",
                "reserved_slot": null,
                "sub_cells": [
                    "ProcElem_2"
                ],
                "target_slot": null
            },
            "target_vertex": {
                "area": {
                    "bram_18k": 0,
                    "dsp": 82,
                    "ff": 15499,
                    "lut": 13592,
                    "uram": 0
                },
                "current_slot": null,
                "name": "ProcElem_2",
                "reserved_slot": null,
                "sub_cells": [
                    "ProcElem_2"
                ],
                "target_slot": null
            },
            "width": 33
        },
        {
            "index": 17,
            "source_vertex": {
                "area": {
                    "bram_18k": 0,
                    "dsp": 82,
                    "ff": 15499,
                    "lut": 13592,
                    "uram": 0
                },
                "current_slot": null,
                "name": "ProcElem_3",
                "reserved_slot": null,
                "sub_cells": [
                    "ProcElem_3"
                ],
                "target_slot": null
            },
            "target_vertex": {
                "area": {
                    "bram_18k": 0,
                    "dsp": 82,
                    "ff": 15499,
                    "lut": 13592,
                    "uram": 0
                },
                "current_slot": null,
                "name": "ProcElem_3",
                "reserved_slot": null,
                "sub_cells": [
                    "ProcElem_3"
                ],
                "target_slot": null
            },
            "width": 33
        },
        {
            "index": 18,
            "source_vertex": {
                "area": {
                    "bram_18k": 0,
                    "dsp": 82,
                    "ff": 15499,
                    "lut": 13592,
                    "uram": 0
                },
                "current_slot": null,
                "name": "ProcElem_3",
                "reserved_slot": null,
                "sub_cells": [
                    "ProcElem_3"
                ],
                "target_slot": null
            },
            "target_vertex": {
                "area": {
                    "bram_18k": 0,
                    "dsp": 82,
                    "ff": 15499,
                    "lut": 13592,
                    "uram": 0
                },
                "current_slot": null,
                "name": "ProcElem_3",
                "reserved_slot": null,
                "sub_cells": [
                    "ProcElem_3"
                ],
                "target_slot": null
            },
            "width": 33
        },
        {
            "index": 19,
            "source_vertex": {
                "area": {
                    "bram_18k": 0,
                    "dsp": 82,
                    "ff": 15499,
                    "lut": 13592,
                    "uram": 0
                },
                "current_slot": null,
                "name": "ProcElem_3",
                "reserved_slot": null,
                "sub_cells": [
                    "ProcElem_3"
                ],
                "target_slot": null
            },
            "target_vertex": {
                "area": {
                    "bram_18k": 0,
                    "dsp": 82,
                    "ff": 15499,
                    "lut": 13592,
                    "uram": 0
                },
                "current_slot": null,
                "name": "ProcElem_3",
                "reserved_slot": null,
                "sub_cells": [
                    "ProcElem_3"
                ],
                "target_slot": null
            },
            "width": 33
        },
        {
            "index": 20,
            "source_vertex": {
                "area": {
                    "bram_18k": 0,
                    "dsp": 0,
                    "ff": 0,
                    "lut": 0,
                    "uram": 0
                },
                "current_slot": null,
                "name": "a_vec",
                "reserved_slot": null,
                "sub_cells": [
                    "a_vec"
                ],
                "target_slot": null
            },
            "target_vertex": {
                "area": {
                    "bram_18k": 1,
                    "dsp": 0,
                    "ff": 803,
                    "lut": 559,
                    "uram": 0
                },
                "current_slot": null,
                "name": "Scatter_0",
                "reserved_slot": null,
                "sub_cells": [
                    "Scatter_0"
                ],
                "target_slot": null
            },
            "width": 43
        },
        {
            "index": 21,
            "source_vertex": {
                "area": {
                    "bram_18k": 1,
                    "dsp": 0,
                    "ff": 803,
                    "lut": 559,
                    "uram": 0
                },
                "current_slot": null,
                "name": "Scatter_0",
                "reserved_slot": null,
                "sub_cells": [
                    "Scatter_0"
                ],
                "target_slot": null
            },
            "target_vertex": {
                "area": {
                    "bram_18k": 0,
                    "dsp": 0,
                    "ff": 0,
                    "lut": 0,
                    "uram": 0
                },
                "current_slot": null,
                "name": "a_vec",
                "reserved_slot": null,
                "sub_cells": [
                    "a_vec"
                ],
                "target_slot": null
            },
            "width": 405
        },
        {
            "index": 22,
            "source_vertex": {
                "area": {
                    "bram_18k": 0,
                    "dsp": 0,
                    "ff": 0,
                    "lut": 0,
                    "uram": 0
                },
                "current_slot": null,
                "name": "b_vec",
                "reserved_slot": null,
                "sub_cells": [
                    "b_vec"
                ],
                "target_slot": null
            },
            "target_vertex": {
                "area": {
                    "bram_18k": 1,
                    "dsp": 0,
                    "ff": 803,
                    "lut": 559,
                    "uram": 0
                },
                "current_slot": null,
                "name": "Scatter_1",
                "reserved_slot": null,
                "sub_cells": [
                    "Scatter_1"
                ],
                "target_slot": null
            },
            "width": 43
        },
        {
            "index": 23,
            "source_vertex": {
                "area": {
                    "bram_18k": 1,
                    "dsp": 0,
                    "ff": 803,
                    "lut": 559,
                    "uram": 0
                },
                "current_slot": null,
                "name": "Scatter_1",
                "reserved_slot": null,
                "sub_cells": [
                    "Scatter_1"
                ],
                "target_slot": null
            },
            "target_vertex": {
                "area": {
                    "bram_18k": 0,
                    "dsp": 0,
                    "ff": 0,
                    "lut": 0,
                    "uram": 0
                },
                "current_slot": null,
                "name": "b_vec",
                "reserved_slot": null,
                "sub_cells": [
                    "b_vec"
                ],
                "target_slot": null
            },
            "width": 405
        },
        {
            "index": 24,
            "source_vertex": {
                "area": {
                    "bram_18k": 0,
                    "dsp": 0,
                    "ff": 0,
                    "lut": 0,
                    "uram": 0
                },
                "current_slot": null,
                "name": "c_vec",
                "reserved_slot": null,
                "sub_cells": [
                    "c_vec"
                ],
                "target_slot": null
            },
            "target_vertex": {
                "area": {
                    "bram_18k": 1,
                    "dsp": 0,
                    "ff": 1024,
                    "lut": 797,
                    "uram": 0
                },
                "current_slot": null,
                "name": "Gather_0",
                "reserved_slot": null,
                "sub_cells": [
                    "Gather_0"
                ],
                "target_slot": null
            },
            "width": 43
        },
        {
            "index": 25,
            "source_vertex": {
                "area": {
                    "bram_18k": 1,
                    "dsp": 0,
                    "ff": 1024,
                    "lut": 797,
                    "uram": 0
                },
                "current_slot": null,
                "name": "Gather_0",
                "reserved_slot": null,
                "sub_cells": [
                    "Gather_0"
                ],
                "target_slot": null
            },
            "target_vertex": {
                "area": {
                    "bram_18k": 0,
                    "dsp": 0,
                    "ff": 0,
                    "lut": 0,
                    "uram": 0
                },
                "current_slot": null,
                "name": "c_vec",
                "reserved_slot": null,
                "sub_cells": [
                    "c_vec"
                ],
                "target_slot": null
            },
            "width": 405
        }
    ],
    "vs": [
        {
            "area": {
                "bram_18k": 1,
                "dsp": 0,
                "ff": 1024,
                "lut": 797,
                "uram": 0
            },
            "current_slot": null,
            "name": "Gather_0",
            "reserved_slot": null,
            "sub_cells": [
                "Gather_0"
            ],
            "target_slot": null
        },
        {
            "area": {
                "bram_18k": 0,
                "dsp": 82,
                "ff": 15499,
                "lut": 13592,
                "uram": 0
            },
            "current_slot": null,
            "name": "ProcElem_0",
            "reserved_slot": null,
            "sub_cells": [
                "ProcElem_0"
            ],
            "target_slot": null
        },
        {
            "area": {
                "bram_18k": 0,
                "dsp": 82,
                "ff": 15499,
                "lut": 13592,
                "uram": 0
            },
            "current_slot": null,
            "name": "ProcElem_1",
            "reserved_slot": null,
            "sub_cells": [
                "ProcElem_1"
            ],
            "target_slot": null
        },
        {
            "area": {
                "bram_18k": 0,
                "dsp": 82,
                "ff": 15499,
                "lut": 13592,
                "uram": 0
            },
            "current_slot": null,
            "name": "ProcElem_2",
            "reserved_slot": null,
            "sub_cells": [
                "ProcElem_2"
            ],
            "target_slot": null
        },
        {
            "area": {
                "bram_18k": 0,
                "dsp": 82,
                "ff": 15499,
                "lut": 13592,
                "uram": 0
            },
            "current_slot": null,
            "name": "ProcElem_3",
            "reserved_slot": null,
            "sub_cells": [
                "ProcElem_3"
            ],
            "target_slot": null
        },
        {
            "area": {
                "bram_18k": 1,
                "dsp": 0,
                "ff": 803,
                "lut": 559,
                "uram": 0
            },
            "current_slot": null,
            "name": "Scatter_0",
            "reserved_slot": null,
            "sub_cells": [
                "Scatter_0"
            ],
            "target_slot": null
        },
        {
            "area": {
                "bram_18k": 1,
                "dsp": 0,
                "ff": 803,
                "lut": 559,
                "uram": 0
            },
            "current_slot": null,
            "name": "Scatter_1",
            "reserved_slot": null,
            "sub_cells": [
                "Scatter_1"
            ],
            "target_slot": null
        },
        {
            "area": {
                "bram_18k": 0,
                "dsp": 0,
                "ff": 0,
                "lut": 0,
                "uram": 0
            },
            "current_slot": null,
            "name": "a_vec",
            "reserved_slot": null,
            "sub_cells": [
                "a_vec"
            ],
            "target_slot": null
        },
        {
            "area": {
                "bram_18k": 0,
                "dsp": 0,
                "ff": 0,
                "lut": 0,
                "uram": 0
            },
            "current_slot": null,
            "name": "b_vec",
            "reserved_slot": null,
            "sub_cells": [
                "b_vec"
            ],
            "target_slot": null
        },
        {
            "area": {
                "bram_18k": 0,
                "dsp": 0,
                "ff": 0,
                "lut": 0,
                "uram": 0
            },
            "current_slot": null,
            "name": "c_vec",
            "reserved_slot": null,
            "sub_cells": [
                "c_vec"
            ],
            "target_slot": null
        }
    ]
}
